(1,273,"+")
(1,274,"-")
(1,275,"*")
(1,276,"/")
(1,277,"%")
(2,278,"!")
(2,279,"<")
(2,280,">")
(2,281,"=")
(3,282,":")
(3,283,";")
(3,284,",")
(4,285,"(")
(4,286,")")
(4,289,"{")
(4,290,"}")
(5,287,"[")
(5,288,"]")
