(2,265,"if")
(2,285,"(")
(2,ID,"b")
(2,286,")")
(3,267,"print")
(3,NUM,"1")
(3,283,";")
(5,267,"print")
(5,NUM,"0")
(5,283,";")
