(1,292,"<=")
(1,293,">=")
(1,294,"==")
(1,295,"!=")
(2,296,"&&")
(2,297,"||")
(3,273,"+")
(3,273,"+")
(3,274,"-")
(3,274,"-")
