(2,ID,"main")
(2,282,":")
(2,264,"function")
(2,266,"integer")
(2,285,"(")
(2,286,")")
(2,281,"=")
(3,289,"{")
(4,ID,"a")
(4,282,":")
(4,266,"integer")
(4,283,";")
(5,ID,"read")
(5,285,"(")
(5,ID,"a")
(5,286,")")
(5,283,";")
(6,265,"if")
(6,285,"(")
(6,ID,"a")
(6,292,"<=")
(6,NUM,"0")
(6,286,")")
(7,ID,"a")
(7,281,"=")
(7,274,"-")
(7,ID,"a")
(7,283,";")
(8,267,"print")
(8,STR,""saida: "")
(8,284,",")
(8,ID,"a")
(8,283,";")
(9,290,"}")
